; Bestandsvolgordelijst voor compact archiveren
;
; Deze lijst kan aangepast worden zodat men aan RAR de volgorde kan doorgeven waarin 
; bestanden in een compact archief moeten worden toegevoegd. 
;
; Dit bestand mag bestandsnamen, jokers en de speciale ingang -$default bevatten.
; De standaardingang bepaalt de positie in de volgordelijst voor de bestanden die niet in de
; volgordelijst voorkomen. Regels die beginnen met een puntkomma ";" worden als commentaar
; beschouwd en worden niet verwerkt.
;
; Plaats dit bestand in dezelfde map als RAR.EXE
; Tips om een betere compressie en een hogere snelheid te verkrijgen:
;
; - Gelijkaardige bestanden moeten, indien mogelijk, samen geplaatst worden;
; 
; - Vaak gebruikte bestanden moeten aan het begin staan.
;
file_id.diz
descript.ion
read.*
readme.*
*.nfo
*.doc
*.txt
*.htm
*.html
*.shtml
*.css
*.xsl
*.xml
*.js
*.php
*.lst
*.log
*.ini
*.bat
*.cmd
*.h
*.hpp
*.c
*.cpp
*.java
*.asm
*.bas
*.bak
*.cue
*.rtf
*.hlp
*.inf
*.com
*.exe
*.dll
*.obj
*.lib
*.sys
*.drv
*.bin
*.bmp
*.wav
$default
*.mp3
*.mp4
*.m4a
*.mov
*.avi
*.wmv
*.wma
*.gif
*.tif
*.png
*.jpg
*.chm
*.pdf
*.cab
*.7z
*.arj
*.ha
*.lzh
*.rar
*.zip
*.gz
*.bz2
*.xz
*.jar
*.fla
*.flac
*.ape
*.bik
*.mkv
*.lz